   1              	 .cpu cortex-m0
   2              	 .fpu softvfp
   3              	 .eabi_attribute 20,1
   4              	 .eabi_attribute 21,1
   5              	 .eabi_attribute 23,3
   6              	 .eabi_attribute 24,1
   7              	 .eabi_attribute 25,1
   8              	 .eabi_attribute 26,1
   9              	 .eabi_attribute 30,6
  10              	 .eabi_attribute 34,0
  11              	 .eabi_attribute 18,4
  12              	 .code 16
  13              	 .file "xmc1_gpio.c"
  16              	 .text
  17              	.Ltext0:
 219              	 .section .text.XMC_GPIO_Init,"ax",%progbits
 220              	 .align 2
 225              	 .global XMC_GPIO_Init
 226              	 .code 16
 227              	 .thumb_func
 229              	XMC_GPIO_Init:
 230              	 .stabd 46,0,0
   1:../Libraries/XMCLib/src/xmc1_gpio.c **** /**
   2:../Libraries/XMCLib/src/xmc1_gpio.c ****  * @file xmc1_gpio.c
   3:../Libraries/XMCLib/src/xmc1_gpio.c ****  * @date 2015-06-20
   4:../Libraries/XMCLib/src/xmc1_gpio.c ****  *
   5:../Libraries/XMCLib/src/xmc1_gpio.c ****  * @cond
   6:../Libraries/XMCLib/src/xmc1_gpio.c ****   *************************************************************************************************
   7:../Libraries/XMCLib/src/xmc1_gpio.c ****  * XMClib v2.1.8 - XMC Peripheral Driver Library 
   8:../Libraries/XMCLib/src/xmc1_gpio.c ****  *
   9:../Libraries/XMCLib/src/xmc1_gpio.c ****  * Copyright (c) 2015-2016, Infineon Technologies AG
  10:../Libraries/XMCLib/src/xmc1_gpio.c ****  * All rights reserved.                        
  11:../Libraries/XMCLib/src/xmc1_gpio.c ****  *                                             
  12:../Libraries/XMCLib/src/xmc1_gpio.c ****  * Redistribution and use in source and binary forms, with or without modification,are permitted pr
  13:../Libraries/XMCLib/src/xmc1_gpio.c ****  * following conditions are met:   
  14:../Libraries/XMCLib/src/xmc1_gpio.c ****  *                                                                              
  15:../Libraries/XMCLib/src/xmc1_gpio.c ****  * Redistributions of source code must retain the above copyright notice, this list of conditions a
  16:../Libraries/XMCLib/src/xmc1_gpio.c ****  * disclaimer.                        
  17:../Libraries/XMCLib/src/xmc1_gpio.c ****  * 
  18:../Libraries/XMCLib/src/xmc1_gpio.c ****  * Redistributions in binary form must reproduce the above copyright notice, this list of condition
  19:../Libraries/XMCLib/src/xmc1_gpio.c ****  * disclaimer in the documentation and/or other materials provided with the distribution.          
  20:../Libraries/XMCLib/src/xmc1_gpio.c ****  * 
  21:../Libraries/XMCLib/src/xmc1_gpio.c ****  * Neither the name of the copyright holders nor the names of its contributors may be used to endor
  22:../Libraries/XMCLib/src/xmc1_gpio.c ****  * products derived from this software without specific prior written permission.                  
  23:../Libraries/XMCLib/src/xmc1_gpio.c ****  *                                                                              
  24:../Libraries/XMCLib/src/xmc1_gpio.c ****  * THIS SOFTWARE IS PROVIDED BY THE COPYRIGHT HOLDERS AND CONTRIBUTORS "AS IS" AND ANY EXPRESS OR I
  25:../Libraries/XMCLib/src/xmc1_gpio.c ****  * INCLUDING, BUT NOT LIMITED TO, THE IMPLIED WARRANTIES OF MERCHANTABILITY AND FITNESS FOR A PARTI
  26:../Libraries/XMCLib/src/xmc1_gpio.c ****  * DISCLAIMED. IN NO EVENT SHALL THE COPYRIGHT HOLDER OR CONTRIBUTORS BE LIABLE  FOR ANY DIRECT, IN
  27:../Libraries/XMCLib/src/xmc1_gpio.c ****  * SPECIAL, EXEMPLARY, OR CONSEQUENTIAL DAMAGES (INCLUDING, BUT NOT LIMITED TO, PROCUREMENT OF SUBS
  28:../Libraries/XMCLib/src/xmc1_gpio.c ****  * SERVICES; LOSS OF USE, DATA, OR PROFITS; OR BUSINESS INTERRUPTION) HOWEVER CAUSED AND ON ANY THE
  29:../Libraries/XMCLib/src/xmc1_gpio.c ****  * WHETHER IN CONTRACT, STRICT LIABILITY,OR TORT (INCLUDING NEGLIGENCE OR OTHERWISE) ARISING IN ANY
  30:../Libraries/XMCLib/src/xmc1_gpio.c ****  * OF THIS SOFTWARE, EVEN IF ADVISED OF THE POSSIBILITY OF SUCH DAMAGE.                            
  31:../Libraries/XMCLib/src/xmc1_gpio.c ****  *                                                                              
  32:../Libraries/XMCLib/src/xmc1_gpio.c ****  * To improve the quality of the software, users are encouraged to share modifications, enhancement
  33:../Libraries/XMCLib/src/xmc1_gpio.c ****  * Infineon Technologies AG dave@infineon.com).                                                    
  34:../Libraries/XMCLib/src/xmc1_gpio.c ****  **************************************************************************************************
  35:../Libraries/XMCLib/src/xmc1_gpio.c ****  *
  36:../Libraries/XMCLib/src/xmc1_gpio.c ****  * Change History
  37:../Libraries/XMCLib/src/xmc1_gpio.c ****  * --------------
  38:../Libraries/XMCLib/src/xmc1_gpio.c ****  *
  39:../Libraries/XMCLib/src/xmc1_gpio.c ****  * 2015-02-20:
  40:../Libraries/XMCLib/src/xmc1_gpio.c ****  *     - Initial draft <br>
  41:../Libraries/XMCLib/src/xmc1_gpio.c ****  *      
  42:../Libraries/XMCLib/src/xmc1_gpio.c ****  * 2015-06-20:
  43:../Libraries/XMCLib/src/xmc1_gpio.c ****  *     - Removed version macros and declaration of GetDriverVersion API
  44:../Libraries/XMCLib/src/xmc1_gpio.c ****  *
  45:../Libraries/XMCLib/src/xmc1_gpio.c ****  * @endcond
  46:../Libraries/XMCLib/src/xmc1_gpio.c ****  *
  47:../Libraries/XMCLib/src/xmc1_gpio.c ****  */
  48:../Libraries/XMCLib/src/xmc1_gpio.c **** 
  49:../Libraries/XMCLib/src/xmc1_gpio.c **** #include "xmc_gpio.h"
  50:../Libraries/XMCLib/src/xmc1_gpio.c **** 
  51:../Libraries/XMCLib/src/xmc1_gpio.c **** #if UC_FAMILY == XMC1
  52:../Libraries/XMCLib/src/xmc1_gpio.c **** 
  53:../Libraries/XMCLib/src/xmc1_gpio.c **** /*******************************************************************************
  54:../Libraries/XMCLib/src/xmc1_gpio.c ****  * MACROS
  55:../Libraries/XMCLib/src/xmc1_gpio.c ****  *******************************************************************************/
  56:../Libraries/XMCLib/src/xmc1_gpio.c **** 
  57:../Libraries/XMCLib/src/xmc1_gpio.c **** #define PORT_PHCR_Msk             PORT0_PHCR0_PH0_Msk
  58:../Libraries/XMCLib/src/xmc1_gpio.c **** #define PORT_PHCR_Size            PORT0_PHCR0_PH0_Msk
  59:../Libraries/XMCLib/src/xmc1_gpio.c **** #define PORT_HWSEL_Msk            PORT0_HWSEL_HW0_Msk
  60:../Libraries/XMCLib/src/xmc1_gpio.c **** 
  61:../Libraries/XMCLib/src/xmc1_gpio.c **** /*******************************************************************************
  62:../Libraries/XMCLib/src/xmc1_gpio.c ****  * API IMPLEMENTATION
  63:../Libraries/XMCLib/src/xmc1_gpio.c ****  *******************************************************************************/
  64:../Libraries/XMCLib/src/xmc1_gpio.c **** 
  65:../Libraries/XMCLib/src/xmc1_gpio.c **** void XMC_GPIO_Init(XMC_GPIO_PORT_t *const port, const uint8_t pin, const XMC_GPIO_CONFIG_t *const c
  66:../Libraries/XMCLib/src/xmc1_gpio.c **** {
 232              	.LM0:
 233              	.LFBB1:
 234 0000 90B5     	 push {r4,r7,lr}
 235 0002 85B0     	 sub sp,sp,#20
 236 0004 00AF     	 add r7,sp,#0
 237 0006 F860     	 str r0,[r7,#12]
 238 0008 7A60     	 str r2,[r7,#4]
 239 000a 0B23     	 mov r3,#11
 240 000c FB18     	 add r3,r7,r3
 241 000e 0A1C     	 add r2,r1,#0
 242 0010 1A70     	 strb r2,[r3]
  67:../Libraries/XMCLib/src/xmc1_gpio.c ****   XMC_ASSERT("XMC_GPIO_Init: Invalid port", XMC_GPIO_CHECK_PORT(port));
  68:../Libraries/XMCLib/src/xmc1_gpio.c ****   XMC_ASSERT("XMC_GPIO_Init: Invalid mode", XMC_GPIO_IsModeValid(config->mode));
  69:../Libraries/XMCLib/src/xmc1_gpio.c ****   XMC_ASSERT("XMC_GPIO_Init: Invalid input hysteresis", XMC_GPIO_CHECK_INPUT_HYSTERESIS(config->inp
  70:../Libraries/XMCLib/src/xmc1_gpio.c ****   
  71:../Libraries/XMCLib/src/xmc1_gpio.c ****   /* Switch to input */
  72:../Libraries/XMCLib/src/xmc1_gpio.c ****   port->IOCR[pin >> 2U] &= ~(uint32_t)((uint32_t)PORT_IOCR_PC_Msk << (PORT_IOCR_PC_Size * (pin & 0x
 244              	.LM1:
 245 0012 0B23     	 mov r3,#11
 246 0014 FB18     	 add r3,r7,r3
 247 0016 1B78     	 ldrb r3,[r3]
 248 0018 9B08     	 lsr r3,r3,#2
 249 001a DBB2     	 uxtb r3,r3
 250 001c 181C     	 mov r0,r3
 251 001e 0B23     	 mov r3,#11
 252 0020 FB18     	 add r3,r7,r3
 253 0022 1B78     	 ldrb r3,[r3]
 254 0024 9B08     	 lsr r3,r3,#2
 255 0026 DBB2     	 uxtb r3,r3
 256 0028 1A1C     	 mov r2,r3
 257 002a FB68     	 ldr r3,[r7,#12]
 258 002c 0432     	 add r2,r2,#4
 259 002e 9200     	 lsl r2,r2,#2
 260 0030 D358     	 ldr r3,[r2,r3]
 261 0032 0B22     	 mov r2,#11
 262 0034 BA18     	 add r2,r7,r2
 263 0036 1278     	 ldrb r2,[r2]
 264 0038 0321     	 mov r1,#3
 265 003a 0A40     	 and r2,r1
 266 003c D200     	 lsl r2,r2,#3
 267 003e 111C     	 mov r1,r2
 268 0040 F822     	 mov r2,#248
 269 0042 8A40     	 lsl r2,r2,r1
 270 0044 D243     	 mvn r2,r2
 271 0046 1A40     	 and r2,r3
 272 0048 111C     	 mov r1,r2
 273 004a FB68     	 ldr r3,[r7,#12]
 274 004c 021D     	 add r2,r0,#4
 275 004e 9200     	 lsl r2,r2,#2
 276 0050 D150     	 str r1,[r2,r3]
  73:../Libraries/XMCLib/src/xmc1_gpio.c **** 
  74:../Libraries/XMCLib/src/xmc1_gpio.c ****   /* HW port control is disabled */
  75:../Libraries/XMCLib/src/xmc1_gpio.c ****   port->HWSEL &= ~(uint32_t)((uint32_t)PORT_HWSEL_Msk << ((uint32_t)pin << 1U));
 278              	.LM2:
 279 0052 FB68     	 ldr r3,[r7,#12]
 280 0054 5B6F     	 ldr r3,[r3,#116]
 281 0056 0B22     	 mov r2,#11
 282 0058 BA18     	 add r2,r7,r2
 283 005a 1278     	 ldrb r2,[r2]
 284 005c 5200     	 lsl r2,r2,#1
 285 005e 111C     	 mov r1,r2
 286 0060 0322     	 mov r2,#3
 287 0062 8A40     	 lsl r2,r2,r1
 288 0064 D243     	 mvn r2,r2
 289 0066 1A40     	 and r2,r3
 290 0068 FB68     	 ldr r3,[r7,#12]
 291 006a 5A67     	 str r2,[r3,#116]
  76:../Libraries/XMCLib/src/xmc1_gpio.c **** 
  77:../Libraries/XMCLib/src/xmc1_gpio.c ****   /* Set input hysteresis */
  78:../Libraries/XMCLib/src/xmc1_gpio.c ****   port->PHCR[(uint32_t)pin >> 3U] &= ~(uint32_t)((uint32_t)PORT_PHCR_Msk << ((uint32_t)PORT_PHCR_Si
 293              	.LM3:
 294 006c 0B23     	 mov r3,#11
 295 006e FB18     	 add r3,r7,r3
 296 0070 1B78     	 ldrb r3,[r3]
 297 0072 DB08     	 lsr r3,r3,#3
 298 0074 DBB2     	 uxtb r3,r3
 299 0076 181C     	 mov r0,r3
 300 0078 0B23     	 mov r3,#11
 301 007a FB18     	 add r3,r7,r3
 302 007c 1B78     	 ldrb r3,[r3]
 303 007e DB08     	 lsr r3,r3,#3
 304 0080 DBB2     	 uxtb r3,r3
 305 0082 1A1C     	 mov r2,r3
 306 0084 FB68     	 ldr r3,[r7,#12]
 307 0086 1032     	 add r2,r2,#16
 308 0088 9200     	 lsl r2,r2,#2
 309 008a D358     	 ldr r3,[r2,r3]
 310 008c 0B22     	 mov r2,#11
 311 008e BA18     	 add r2,r7,r2
 312 0090 1278     	 ldrb r2,[r2]
 313 0092 0721     	 mov r1,#7
 314 0094 0A40     	 and r2,r1
 315 0096 9200     	 lsl r2,r2,#2
 316 0098 111C     	 mov r1,r2
 317 009a 0422     	 mov r2,#4
 318 009c 8A40     	 lsl r2,r2,r1
 319 009e D243     	 mvn r2,r2
 320 00a0 1A40     	 and r2,r3
 321 00a2 111C     	 mov r1,r2
 322 00a4 FB68     	 ldr r3,[r7,#12]
 323 00a6 021C     	 mov r2,r0
 324 00a8 1032     	 add r2,r2,#16
 325 00aa 9200     	 lsl r2,r2,#2
 326 00ac D150     	 str r1,[r2,r3]
  79:../Libraries/XMCLib/src/xmc1_gpio.c ****   port->PHCR[(uint32_t)pin >> 3U] |= (uint32_t)config->input_hysteresis << ((uint32_t)PORT_PHCR_Siz
 328              	.LM4:
 329 00ae 0B23     	 mov r3,#11
 330 00b0 FB18     	 add r3,r7,r3
 331 00b2 1B78     	 ldrb r3,[r3]
 332 00b4 DB08     	 lsr r3,r3,#3
 333 00b6 DBB2     	 uxtb r3,r3
 334 00b8 181C     	 mov r0,r3
 335 00ba 0B23     	 mov r3,#11
 336 00bc FB18     	 add r3,r7,r3
 337 00be 1B78     	 ldrb r3,[r3]
 338 00c0 DB08     	 lsr r3,r3,#3
 339 00c2 DBB2     	 uxtb r3,r3
 340 00c4 1A1C     	 mov r2,r3
 341 00c6 FB68     	 ldr r3,[r7,#12]
 342 00c8 1032     	 add r2,r2,#16
 343 00ca 9200     	 lsl r2,r2,#2
 344 00cc D258     	 ldr r2,[r2,r3]
 345 00ce 7B68     	 ldr r3,[r7,#4]
 346 00d0 5B78     	 ldrb r3,[r3,#1]
 347 00d2 1C1C     	 mov r4,r3
 348 00d4 0B23     	 mov r3,#11
 349 00d6 FB18     	 add r3,r7,r3
 350 00d8 1B78     	 ldrb r3,[r3]
 351 00da 0721     	 mov r1,#7
 352 00dc 0B40     	 and r3,r1
 353 00de 9B00     	 lsl r3,r3,#2
 354 00e0 9C40     	 lsl r4,r4,r3
 355 00e2 231C     	 mov r3,r4
 356 00e4 1A43     	 orr r2,r3
 357 00e6 111C     	 mov r1,r2
 358 00e8 FB68     	 ldr r3,[r7,#12]
 359 00ea 021C     	 mov r2,r0
 360 00ec 1032     	 add r2,r2,#16
 361 00ee 9200     	 lsl r2,r2,#2
 362 00f0 D150     	 str r1,[r2,r3]
  80:../Libraries/XMCLib/src/xmc1_gpio.c ****     
  81:../Libraries/XMCLib/src/xmc1_gpio.c ****   /* Enable digital input */
  82:../Libraries/XMCLib/src/xmc1_gpio.c ****   if (XMC_GPIO_CHECK_ANALOG_PORT(port))
 364              	.LM5:
 365 00f2 FB68     	 ldr r3,[r7,#12]
 366 00f4 1D4A     	 ldr r2,.L3
 367 00f6 9342     	 cmp r3,r2
 368 00f8 0BD1     	 bne .L2
  83:../Libraries/XMCLib/src/xmc1_gpio.c ****   {    
  84:../Libraries/XMCLib/src/xmc1_gpio.c ****     port->PDISC &= ~(uint32_t)((uint32_t)0x1U << pin);
 370              	.LM6:
 371 00fa FB68     	 ldr r3,[r7,#12]
 372 00fc 1B6E     	 ldr r3,[r3,#96]
 373 00fe 0B22     	 mov r2,#11
 374 0100 BA18     	 add r2,r7,r2
 375 0102 1278     	 ldrb r2,[r2]
 376 0104 0121     	 mov r1,#1
 377 0106 9140     	 lsl r1,r1,r2
 378 0108 0A1C     	 mov r2,r1
 379 010a D243     	 mvn r2,r2
 380 010c 1A40     	 and r2,r3
 381 010e FB68     	 ldr r3,[r7,#12]
 382 0110 1A66     	 str r2,[r3,#96]
 383              	.L2:
  85:../Libraries/XMCLib/src/xmc1_gpio.c ****   }
  86:../Libraries/XMCLib/src/xmc1_gpio.c ****   /* Set output level */
  87:../Libraries/XMCLib/src/xmc1_gpio.c ****   port->OMR = (uint32_t)config->output_level << pin;
 385              	.LM7:
 386 0112 7B68     	 ldr r3,[r7,#4]
 387 0114 5A68     	 ldr r2,[r3,#4]
 388 0116 0B23     	 mov r3,#11
 389 0118 FB18     	 add r3,r7,r3
 390 011a 1B78     	 ldrb r3,[r3]
 391 011c 9A40     	 lsl r2,r2,r3
 392 011e FB68     	 ldr r3,[r7,#12]
 393 0120 5A60     	 str r2,[r3,#4]
  88:../Libraries/XMCLib/src/xmc1_gpio.c ****   
  89:../Libraries/XMCLib/src/xmc1_gpio.c ****   /* Set mode */
  90:../Libraries/XMCLib/src/xmc1_gpio.c ****   port->IOCR[pin >> 2U] |= (uint32_t)config->mode << (PORT_IOCR_PC_Size * (pin & 0x3U));
 395              	.LM8:
 396 0122 0B23     	 mov r3,#11
 397 0124 FB18     	 add r3,r7,r3
 398 0126 1B78     	 ldrb r3,[r3]
 399 0128 9B08     	 lsr r3,r3,#2
 400 012a DBB2     	 uxtb r3,r3
 401 012c 181C     	 mov r0,r3
 402 012e 0B23     	 mov r3,#11
 403 0130 FB18     	 add r3,r7,r3
 404 0132 1B78     	 ldrb r3,[r3]
 405 0134 9B08     	 lsr r3,r3,#2
 406 0136 DBB2     	 uxtb r3,r3
 407 0138 1A1C     	 mov r2,r3
 408 013a FB68     	 ldr r3,[r7,#12]
 409 013c 0432     	 add r2,r2,#4
 410 013e 9200     	 lsl r2,r2,#2
 411 0140 D258     	 ldr r2,[r2,r3]
 412 0142 7B68     	 ldr r3,[r7,#4]
 413 0144 1B78     	 ldrb r3,[r3]
 414 0146 1C1C     	 mov r4,r3
 415 0148 0B23     	 mov r3,#11
 416 014a FB18     	 add r3,r7,r3
 417 014c 1B78     	 ldrb r3,[r3]
 418 014e 0321     	 mov r1,#3
 419 0150 0B40     	 and r3,r1
 420 0152 DB00     	 lsl r3,r3,#3
 421 0154 9C40     	 lsl r4,r4,r3
 422 0156 231C     	 mov r3,r4
 423 0158 1A43     	 orr r2,r3
 424 015a 111C     	 mov r1,r2
 425 015c FB68     	 ldr r3,[r7,#12]
 426 015e 021D     	 add r2,r0,#4
 427 0160 9200     	 lsl r2,r2,#2
 428 0162 D150     	 str r1,[r2,r3]
  91:../Libraries/XMCLib/src/xmc1_gpio.c **** }
 430              	.LM9:
 431 0164 BD46     	 mov sp,r7
 432 0166 05B0     	 add sp,sp,#20
 433              	 
 434 0168 90BD     	 pop {r4,r7,pc}
 435              	.L4:
 436 016a C046     	 .align 2
 437              	.L3:
 438 016c 00020440 	 .word 1074004480
 440              	.Lscope1:
 442              	 .stabd 78,0,0
 443              	 .section .text.XMC_GPIO_SetInputHysteresis,"ax",%progbits
 444              	 .align 2
 449              	 .global XMC_GPIO_SetInputHysteresis
 450              	 .code 16
 451              	 .thumb_func
 453              	XMC_GPIO_SetInputHysteresis:
 454              	 .stabd 46,0,0
  92:../Libraries/XMCLib/src/xmc1_gpio.c **** 
  93:../Libraries/XMCLib/src/xmc1_gpio.c **** void XMC_GPIO_SetInputHysteresis(XMC_GPIO_PORT_t *const port, 
  94:../Libraries/XMCLib/src/xmc1_gpio.c ****                                  const uint8_t pin, 
  95:../Libraries/XMCLib/src/xmc1_gpio.c ****                                  const XMC_GPIO_INPUT_HYSTERESIS_t hysteresis)
  96:../Libraries/XMCLib/src/xmc1_gpio.c **** {
 456              	.LM10:
 457              	.LFBB2:
 458 0000 90B5     	 push {r4,r7,lr}
 459 0002 83B0     	 sub sp,sp,#12
 460 0004 00AF     	 add r7,sp,#0
 461 0006 7860     	 str r0,[r7,#4]
 462 0008 081C     	 mov r0,r1
 463 000a 111C     	 mov r1,r2
 464 000c FB1C     	 add r3,r7,#3
 465 000e 021C     	 add r2,r0,#0
 466 0010 1A70     	 strb r2,[r3]
 467 0012 BB1C     	 add r3,r7,#2
 468 0014 0A1C     	 add r2,r1,#0
 469 0016 1A70     	 strb r2,[r3]
  97:../Libraries/XMCLib/src/xmc1_gpio.c ****   XMC_ASSERT("XMC_GPIO_SetInputHysteresis: Invalid port", XMC_GPIO_CHECK_PORT(port));
  98:../Libraries/XMCLib/src/xmc1_gpio.c ****   XMC_ASSERT("XMC_GPIO_SetInputHysteresis: Invalid input hysteresis", XMC_GPIO_CHECK_INPUT_HYSTERES
  99:../Libraries/XMCLib/src/xmc1_gpio.c **** 
 100:../Libraries/XMCLib/src/xmc1_gpio.c ****   port->PHCR[(uint32_t)pin >> 3U] &= ~(uint32_t)((uint32_t)PORT_PHCR_Msk << ((uint32_t)PORT_PHCR_Si
 471              	.LM11:
 472 0018 FB1C     	 add r3,r7,#3
 473 001a 1B78     	 ldrb r3,[r3]
 474 001c DB08     	 lsr r3,r3,#3
 475 001e DBB2     	 uxtb r3,r3
 476 0020 181C     	 mov r0,r3
 477 0022 FB1C     	 add r3,r7,#3
 478 0024 1B78     	 ldrb r3,[r3]
 479 0026 DB08     	 lsr r3,r3,#3
 480 0028 DBB2     	 uxtb r3,r3
 481 002a 1A1C     	 mov r2,r3
 482 002c 7B68     	 ldr r3,[r7,#4]
 483 002e 1032     	 add r2,r2,#16
 484 0030 9200     	 lsl r2,r2,#2
 485 0032 D358     	 ldr r3,[r2,r3]
 486 0034 FA1C     	 add r2,r7,#3
 487 0036 1278     	 ldrb r2,[r2]
 488 0038 0721     	 mov r1,#7
 489 003a 0A40     	 and r2,r1
 490 003c 9200     	 lsl r2,r2,#2
 491 003e 111C     	 mov r1,r2
 492 0040 0422     	 mov r2,#4
 493 0042 8A40     	 lsl r2,r2,r1
 494 0044 D243     	 mvn r2,r2
 495 0046 1A40     	 and r2,r3
 496 0048 111C     	 mov r1,r2
 497 004a 7B68     	 ldr r3,[r7,#4]
 498 004c 021C     	 mov r2,r0
 499 004e 1032     	 add r2,r2,#16
 500 0050 9200     	 lsl r2,r2,#2
 501 0052 D150     	 str r1,[r2,r3]
 101:../Libraries/XMCLib/src/xmc1_gpio.c ****   port->PHCR[(uint32_t)pin >> 3U] |= (uint32_t)hysteresis << ((uint32_t)PORT_PHCR_Size * ((uint32_t
 503              	.LM12:
 504 0054 FB1C     	 add r3,r7,#3
 505 0056 1B78     	 ldrb r3,[r3]
 506 0058 DB08     	 lsr r3,r3,#3
 507 005a DBB2     	 uxtb r3,r3
 508 005c 1C1C     	 mov r4,r3
 509 005e FB1C     	 add r3,r7,#3
 510 0060 1B78     	 ldrb r3,[r3]
 511 0062 DB08     	 lsr r3,r3,#3
 512 0064 DBB2     	 uxtb r3,r3
 513 0066 1A1C     	 mov r2,r3
 514 0068 7B68     	 ldr r3,[r7,#4]
 515 006a 1032     	 add r2,r2,#16
 516 006c 9200     	 lsl r2,r2,#2
 517 006e D258     	 ldr r2,[r2,r3]
 518 0070 BB1C     	 add r3,r7,#2
 519 0072 1B78     	 ldrb r3,[r3]
 520 0074 F91C     	 add r1,r7,#3
 521 0076 0978     	 ldrb r1,[r1]
 522 0078 0720     	 mov r0,#7
 523 007a 0140     	 and r1,r0
 524 007c 8900     	 lsl r1,r1,#2
 525 007e 8B40     	 lsl r3,r3,r1
 526 0080 1A43     	 orr r2,r3
 527 0082 111C     	 mov r1,r2
 528 0084 7B68     	 ldr r3,[r7,#4]
 529 0086 221C     	 mov r2,r4
 530 0088 1032     	 add r2,r2,#16
 531 008a 9200     	 lsl r2,r2,#2
 532 008c D150     	 str r1,[r2,r3]
 102:../Libraries/XMCLib/src/xmc1_gpio.c **** }
 534              	.LM13:
 535 008e BD46     	 mov sp,r7
 536 0090 03B0     	 add sp,sp,#12
 537              	 
 538 0092 90BD     	 pop {r4,r7,pc}
 540              	.Lscope2:
 542              	 .stabd 78,0,0
 543              	 .text
 545              	.Letext0:
 546              	 .ident "GCC: (GNU Tools for ARM Embedded Processors) 4.9.3 20141119 (release) [ARM/embedded-4_9-branch revision 218278]"
DEFINED SYMBOLS
                            *ABS*:00000000 xmc1_gpio.c
    {standard input}:220    .text.XMC_GPIO_Init:00000000 $t
    {standard input}:229    .text.XMC_GPIO_Init:00000000 XMC_GPIO_Init
    {standard input}:438    .text.XMC_GPIO_Init:0000016c $d
    {standard input}:444    .text.XMC_GPIO_SetInputHysteresis:00000000 $t
    {standard input}:453    .text.XMC_GPIO_SetInputHysteresis:00000000 XMC_GPIO_SetInputHysteresis

NO UNDEFINED SYMBOLS
