   1              	 .cpu cortex-m0
   2              	 .fpu softvfp
   3              	 .eabi_attribute 20,1
   4              	 .eabi_attribute 21,1
   5              	 .eabi_attribute 23,3
   6              	 .eabi_attribute 24,1
   7              	 .eabi_attribute 25,1
   8              	 .eabi_attribute 26,1
   9              	 .eabi_attribute 30,6
  10              	 .eabi_attribute 34,0
  11              	 .eabi_attribute 18,4
  12              	 .code 16
  13              	 .file "XObject.cpp"
  16              	 .text
  17              	.Ltext0:
  78              	 .section .text._ZN7XObjectC2Ev,"ax",%progbits
  79              	 .align 2
  82              	 .global _ZN7XObjectC2Ev
  83              	 .code 16
  84              	 .thumb_func
  86              	_ZN7XObjectC2Ev:
  87              	 .stabd 46,0,0
   1:../XObject.cpp **** /*
   2:../XObject.cpp ****  * XObject.cpp
   3:../XObject.cpp ****  *
   4:../XObject.cpp ****  *  Created on: Dec 30, 2016
   5:../XObject.cpp ****  *      Author: alex
   6:../XObject.cpp ****  */
   7:../XObject.cpp **** 
   8:../XObject.cpp **** #include <XObject.h>
   9:../XObject.cpp **** 
  10:../XObject.cpp **** XObject::XObject() {
  89              	.LM0:
  90              	.LFBB1:
  91 0000 80B5     	 push {r7,lr}
  92 0002 82B0     	 sub sp,sp,#8
  93 0004 00AF     	 add r7,sp,#0
  94 0006 7860     	 str r0,[r7,#4]
  95              	.LBB2:
  97              	.LM1:
  98 0008 7B68     	 ldr r3,[r7,#4]
  99 000a 034A     	 ldr r2,.L4
 100 000c 1A60     	 str r2,[r3]
 101              	.LBE2:
  11:../XObject.cpp **** 
  12:../XObject.cpp **** }
 103              	.LM2:
 104 000e 7B68     	 ldr r3,[r7,#4]
 105 0010 181C     	 mov r0,r3
 106 0012 BD46     	 mov sp,r7
 107 0014 02B0     	 add sp,sp,#8
 108              	 
 109 0016 80BD     	 pop {r7,pc}
 110              	.L5:
 111              	 .align 2
 112              	.L4:
 113 0018 08000000 	 .word _ZTV7XObject+8
 115              	.Lscope1:
 117              	 .stabd 78,0,0
 118              	 .global _ZN7XObjectC1Ev
 119              	 .thumb_set _ZN7XObjectC1Ev,_ZN7XObjectC2Ev
 120              	 .section .text._ZN7XObjectD2Ev,"ax",%progbits
 121              	 .align 2
 124              	 .global _ZN7XObjectD2Ev
 125              	 .code 16
 126              	 .thumb_func
 128              	_ZN7XObjectD2Ev:
 129              	 .stabd 46,0,0
  13:../XObject.cpp **** 
  14:../XObject.cpp **** XObject::~XObject() {
 131              	.LM3:
 132              	.LFBB2:
 133 0000 80B5     	 push {r7,lr}
 134 0002 82B0     	 sub sp,sp,#8
 135 0004 00AF     	 add r7,sp,#0
 136 0006 7860     	 str r0,[r7,#4]
 137              	.LBB3:
 139              	.LM4:
 140 0008 7B68     	 ldr r3,[r7,#4]
 141 000a 074A     	 ldr r2,.L10
 142 000c 1A60     	 str r2,[r3]
 143              	.LBE3:
  15:../XObject.cpp **** }
 145              	.LM5:
 146 000e 0023     	 mov r3,#0
 147 0010 002B     	 cmp r3,#0
 148 0012 03D0     	 beq .L8
 150              	.LM6:
 151 0014 7B68     	 ldr r3,[r7,#4]
 152 0016 181C     	 mov r0,r3
 153 0018 FFF7FEFF 	 bl _ZdlPv
 154              	.L8:
 156              	.LM7:
 157 001c 7B68     	 ldr r3,[r7,#4]
 158 001e 181C     	 mov r0,r3
 159 0020 BD46     	 mov sp,r7
 160 0022 02B0     	 add sp,sp,#8
 161              	 
 162 0024 80BD     	 pop {r7,pc}
 163              	.L11:
 164 0026 C046     	 .align 2
 165              	.L10:
 166 0028 08000000 	 .word _ZTV7XObject+8
 168              	.Lscope2:
 170              	 .stabd 78,0,0
 171              	 .global _ZN7XObjectD1Ev
 172              	 .thumb_set _ZN7XObjectD1Ev,_ZN7XObjectD2Ev
 173              	 .section .text._ZN7XObjectD0Ev,"ax",%progbits
 174              	 .align 2
 177              	 .global _ZN7XObjectD0Ev
 178              	 .code 16
 179              	 .thumb_func
 181              	_ZN7XObjectD0Ev:
 182              	 .stabd 46,0,0
  14:../XObject.cpp **** }
 184              	.LM8:
 185              	.LFBB3:
 186 0000 80B5     	 push {r7,lr}
 187 0002 82B0     	 sub sp,sp,#8
 188 0004 00AF     	 add r7,sp,#0
 189 0006 7860     	 str r0,[r7,#4]
 191              	.LM9:
 192 0008 7B68     	 ldr r3,[r7,#4]
 193 000a 181C     	 mov r0,r3
 194 000c FFF7FEFF 	 bl _ZN7XObjectD2Ev
 195 0010 7B68     	 ldr r3,[r7,#4]
 196 0012 181C     	 mov r0,r3
 197 0014 FFF7FEFF 	 bl _ZdlPv
 198 0018 7B68     	 ldr r3,[r7,#4]
 199 001a 181C     	 mov r0,r3
 200 001c BD46     	 mov sp,r7
 201 001e 02B0     	 add sp,sp,#8
 202              	 
 203 0020 80BD     	 pop {r7,pc}
 205              	.Lscope3:
 207              	 .stabd 78,0,0
 208 0022 C046     	 .section .text._ZN7XObject5delayEj,"ax",%progbits
 209              	 .align 2
 213              	 .global _ZN7XObject5delayEj
 214              	 .code 16
 215              	 .thumb_func
 217              	_ZN7XObject5delayEj:
 218              	 .stabd 46,0,0
  16:../XObject.cpp **** 
  17:../XObject.cpp **** void XObject::delay(unsigned len)
  18:../XObject.cpp **** {
 220              	.LM10:
 221              	.LFBB4:
 222 0000 80B5     	 push {r7,lr}
 223 0002 82B0     	 sub sp,sp,#8
 224 0004 00AF     	 add r7,sp,#0
 225 0006 7860     	 str r0,[r7,#4]
 226 0008 3960     	 str r1,[r7]
 227              	.L16:
  19:../XObject.cpp **** 	while(len--);
 229              	.LM11:
 230 000a 3B68     	 ldr r3,[r7]
 231 000c 5A1E     	 sub r2,r3,#1
 232 000e 3A60     	 str r2,[r7]
 233 0010 5A1E     	 sub r2,r3,#1
 234 0012 9341     	 sbc r3,r3,r2
 235 0014 DBB2     	 uxtb r3,r3
 236 0016 002B     	 cmp r3,#0
 237 0018 F7D1     	 bne .L16
  20:../XObject.cpp **** }
 239              	.LM12:
 240 001a BD46     	 mov sp,r7
 241 001c 02B0     	 add sp,sp,#8
 242              	 
 243 001e 80BD     	 pop {r7,pc}
 245              	.Lscope4:
 247              	 .stabd 78,0,0
 248              	 .global _ZTV7XObject
 249              	 .section .rodata._ZTV7XObject,"a",%progbits
 250              	 .align 3
 253              	_ZTV7XObject:
 254 0000 00000000 	 .word 0
 255 0004 00000000 	 .word 0
 256 0008 00000000 	 .word _ZN7XObjectD1Ev
 257 000c 00000000 	 .word _ZN7XObjectD0Ev
 258              	 .text
 260              	.Letext0:
 261              	 .ident "GCC: (GNU Tools for ARM Embedded Processors) 4.9.3 20141119 (release) [ARM/embedded-4_9-branch revision 218278]"
DEFINED SYMBOLS
                            *ABS*:00000000 XObject.cpp
    {standard input}:79     .text._ZN7XObjectC2Ev:00000000 $t
    {standard input}:86     .text._ZN7XObjectC2Ev:00000000 _ZN7XObjectC2Ev
    {standard input}:113    .text._ZN7XObjectC2Ev:00000018 $d
    {standard input}:253    .rodata._ZTV7XObject:00000000 _ZTV7XObject
    {standard input}:86     .text._ZN7XObjectC2Ev:00000000 _ZN7XObjectC1Ev
    {standard input}:121    .text._ZN7XObjectD2Ev:00000000 $t
    {standard input}:128    .text._ZN7XObjectD2Ev:00000000 _ZN7XObjectD2Ev
    {standard input}:166    .text._ZN7XObjectD2Ev:00000028 $d
    {standard input}:128    .text._ZN7XObjectD2Ev:00000000 _ZN7XObjectD1Ev
    {standard input}:174    .text._ZN7XObjectD0Ev:00000000 $t
    {standard input}:181    .text._ZN7XObjectD0Ev:00000000 _ZN7XObjectD0Ev
    {standard input}:209    .text._ZN7XObject5delayEj:00000000 $t
    {standard input}:217    .text._ZN7XObject5delayEj:00000000 _ZN7XObject5delayEj
    {standard input}:250    .rodata._ZTV7XObject:00000000 $d

UNDEFINED SYMBOLS
_ZdlPv
